apiVersion: v1
kind: Service
metadata:
  name: xxx-zookeeper
spec:
  ports:
    - port: 1234
      name: fake
  clusterIP: None
  selector:
    app: zookeeper
    component: zookeeper
