apiVersion: batch/v1
kind: Job
metadata:
  name: test-runner
spec:
  template:
    metadata:
      name: test-runner
    spec:
      containers:
        - image: flokkr/ozone
          name: test
          args:
            - ls
            - -lah
      restartPolicy: Never