apiVersion: v1
kind: ConfigMap
metadata:
  name: other
data:
  test3.sh: |-
    #!/usr/bin/env bash
    echo "hello3"