apiVersion: v1
kind: Service
metadata:
  name: s3g-public
spec:
  ports:
    - port: 9878
      name: rest
  selector:
    app: ozone
    component: s3g
  type: NodePort
