apiVersion: apps/v1beta1
kind: StatefulSet
metadata:
  name: datanode
  annotations:
    KEY1: "VALUE1"
    KEY2: "VALUE2"
spec:
  serviceName: datanode
  replicas: 3
  template:
    metadata:
      labels:
        app: ozone
        component: datanode
    spec:
      containers:
        - name: datanode
          image: elek/ozone
          args:
            - ozone
            - datanode

