
apiVersion: apps/v1
kind: StatefulSet
metadata:
  name: xxx
spec:
  selector:
    matchLabels:
      app: ozone
      component: xxx
  serviceName: xxx
  replicas: 1
  template:
    metadata:
      labels:
        app: ozone
        component: xxx
    spec:
      containers:
      - name: xxx
        image: eeee
        args:
        - ozone
        - xxx
