apiVersion: apps/v1
kind: Deployment
metadata:
  name: qwe-deployment
spec:
  selector:
    matchLabels:
      app: qwe
  replicas: 2
  template:
    metadata:
      labels:
        app: qwe
    spec:
      containers:
        - name: qwe
          image: qwe:1.7.9
          ports:
            - containerPort: 80
