apiVersion: v1
kind: Service
metadata:
  name: datanode
spec:
  clusterIP: None
  selector:
    app: ozone
    component: datanode
