apiVersion: apps/v1
kind: DaemonSet
metadata:
  name: xxx-datanode
spec:
  selector:
    matchLabels:
      app: ozone
      component: datanode
  template:
    metadata:
      labels:
        app: ozone
        component: datanode
    spec:
      containers:
      - name: datanode
        image: elek/ozone
        args: ["ozone","datanode"]

