apiVersion: v1
kind: Service
metadata:
  name: jaeger
spec:
  clusterIP: None
  selector:
    app: jaeger
    component: jaeger
